  Determining projects to restore...
F:\c_app\backend\src\SahakariMS.Application\SahakariMS.Application.csproj : warning NU1903: Package 'AutoMapper' 14.0.0 has a known high severity vulnerability, https://github.com/advisories/GHSA-rvv3-g6hj-g44x [F:\c_app\backend\src\SahakariMS.Api\SahakariMS.Api.csproj]
F:\c_app\backend\src\SahakariMS.Api\SahakariMS.Api.csproj : warning NU1903: Package 'AutoMapper' 14.0.0 has a known high severity vulnerability, https://github.com/advisories/GHSA-rvv3-g6hj-g44x
  All projects are up-to-date for restore.
F:\c_app\backend\src\SahakariMS.Api\SahakariMS.Api.csproj : warning NU1903: Package 'AutoMapper' 14.0.0 has a known high severity vulnerability, https://github.com/advisories/GHSA-rvv3-g6hj-g44x
F:\c_app\backend\src\SahakariMS.Application\SahakariMS.Application.csproj : warning NU1903: Package 'AutoMapper' 14.0.0 has a known high severity vulnerability, https://github.com/advisories/GHSA-rvv3-g6hj-g44x
  SahakariMS.Shared -> F:\c_app\backend\src\SahakariMS.Shared\bin\Debug\net8.0\SahakariMS.Shared.dll
  SahakariMS.Domain -> F:\c_app\backend\src\SahakariMS.Domain\bin\Debug\net8.0\SahakariMS.Domain.dll
  SahakariMS.Application -> F:\c_app\backend\src\SahakariMS.Application\bin\Debug\net8.0\SahakariMS.Application.dll
  SahakariMS.Infrastructure -> F:\c_app\backend\src\SahakariMS.Infrastructure\bin\Debug\net8.0\SahakariMS.Infrastructure.dll
  SahakariMS.Api -> F:\c_app\backend\src\SahakariMS.Api\bin\Debug\net8.0\SahakariMS.Api.dll

Build succeeded.

F:\c_app\backend\src\SahakariMS.Application\SahakariMS.Application.csproj : warning NU1903: Package 'AutoMapper' 14.0.0 has a known high severity vulnerability, https://github.com/advisories/GHSA-rvv3-g6hj-g44x [F:\c_app\backend\src\SahakariMS.Api\SahakariMS.Api.csproj]
F:\c_app\backend\src\SahakariMS.Api\SahakariMS.Api.csproj : warning NU1903: Package 'AutoMapper' 14.0.0 has a known high severity vulnerability, https://github.com/advisories/GHSA-rvv3-g6hj-g44x
F:\c_app\backend\src\SahakariMS.Api\SahakariMS.Api.csproj : warning NU1903: Package 'AutoMapper' 14.0.0 has a known high severity vulnerability, https://github.com/advisories/GHSA-rvv3-g6hj-g44x
F:\c_app\backend\src\SahakariMS.Application\SahakariMS.Application.csproj : warning NU1903: Package 'AutoMapper' 14.0.0 has a known high severity vulnerability, https://github.com/advisories/GHSA-rvv3-g6hj-g44x
    4 Warning(s)
    0 Error(s)

Time Elapsed 00:00:02.75
